--------------------------------------------------------------------------------
Release 14.7 Trace  (nt64)
Copyright (c) 1995-2013 Xilinx, Inc.  All rights reserved.

E:\ISE\14.7\ISE_DS\ISE\bin\nt64\unwrapped\trce.exe -intstyle ise -v 3 -s 3 -n 3
-fastpaths -xml ClockModule2019.twx ClockModule2019.ncd -o ClockModule2019.twr
ClockModule2019.pcf

Design file:              ClockModule2019.ncd
Physical constraint file: ClockModule2019.pcf
Device,package,speed:     xc6slx16,csg324,C,-3 (PRODUCTION 1.23 2013-10-13)
Report level:             verbose report

Environment Variable      Effect 
--------------------      ------ 
NONE                      No environment variables were set
--------------------------------------------------------------------------------

INFO:Timing:2698 - No timing constraints found, doing default enumeration.
INFO:Timing:3412 - To improve timing, see the Timing Closure User Guide (UG612).
INFO:Timing:2752 - To get complete path coverage, use the unconstrained paths 
   option. All paths that are not constrained will be reported in the 
   unconstrained paths section(s) of the report.
INFO:Timing:3339 - The clock-to-out numbers in this timing report are based on 
   a 50 Ohm transmission line loading model.  For the details of this model, 
   and for more information on accounting for different loading conditions, 
   please see the device datasheet.



Data Sheet report:
-----------------
All values displayed in nanoseconds (ns)

Setup/Hold to clock Clock
-------------+------------+------------+------------+------------+------------------+--------+
             |Max Setup to|  Process   |Max Hold to |  Process   |                  | Clock  |
Source       | clk (edge) |   Corner   | clk (edge) |   Corner   |Internal Clock(s) | Phase  |
-------------+------------+------------+------------+------------+------------------+--------+
Reset        |    1.318(R)|      SLOW  |    0.134(R)|      SLOW  |Clock_BUFGP       |   0.000|
SetClock     |    1.166(R)|      FAST  |    0.009(R)|      SLOW  |Clock_BUFGP       |   0.000|
SetHour      |    0.975(R)|      FAST  |   -0.317(R)|      SLOW  |Clock_BUFGP       |   0.000|
SetMinute    |    0.829(R)|      FAST  |   -0.055(R)|      SLOW  |Clock_BUFGP       |   0.000|
TimeReference|    3.204(R)|      SLOW  |   -0.067(R)|      SLOW  |Clock_BUFGP       |   0.000|
-------------+------------+------------+------------+------------+------------------+--------+

Clock Clock to Pad
------------+-----------------+------------+-----------------+------------+------------------+--------+
            |Max (slowest) clk|  Process   |Min (fastest) clk|  Process   |                  | Clock  |
Destination |  (edge) to PAD  |   Corner   |  (edge) to PAD  |   Corner   |Internal Clock(s) | Phase  |
------------+-----------------+------------+-----------------+------------+------------------+--------+
Hour1<0>    |         6.953(R)|      SLOW  |         3.578(R)|      FAST  |Clock_BUFGP       |   0.000|
Hour1<1>    |         7.145(R)|      SLOW  |         3.737(R)|      FAST  |Clock_BUFGP       |   0.000|
Hour1<2>    |         7.305(R)|      SLOW  |         3.817(R)|      FAST  |Clock_BUFGP       |   0.000|
Hour1<3>    |         6.978(R)|      SLOW  |         3.596(R)|      FAST  |Clock_BUFGP       |   0.000|
Hour10<0>   |         6.842(R)|      SLOW  |         3.528(R)|      FAST  |Clock_BUFGP       |   0.000|
Minute1<0>  |         6.969(R)|      SLOW  |         3.617(R)|      FAST  |Clock_BUFGP       |   0.000|
Minute1<1>  |         6.970(R)|      SLOW  |         3.605(R)|      FAST  |Clock_BUFGP       |   0.000|
Minute1<2>  |         7.057(R)|      SLOW  |         3.669(R)|      FAST  |Clock_BUFGP       |   0.000|
Minute1<3>  |         6.969(R)|      SLOW  |         3.604(R)|      FAST  |Clock_BUFGP       |   0.000|
Minute10<0> |         7.464(R)|      SLOW  |         3.927(R)|      FAST  |Clock_BUFGP       |   0.000|
Minute10<1> |         7.171(R)|      SLOW  |         3.718(R)|      FAST  |Clock_BUFGP       |   0.000|
Minute10<2> |         7.054(R)|      SLOW  |         3.665(R)|      FAST  |Clock_BUFGP       |   0.000|
Minute10<3> |         7.299(R)|      SLOW  |         3.845(R)|      FAST  |Clock_BUFGP       |   0.000|
------------+-----------------+------------+-----------------+------------+------------------+--------+

Clock to Setup on destination clock Clock
---------------+---------+---------+---------+---------+
               | Src:Rise| Src:Fall| Src:Rise| Src:Fall|
Source Clock   |Dest:Rise|Dest:Rise|Dest:Fall|Dest:Fall|
---------------+---------+---------+---------+---------+
Clock          |    3.643|         |         |         |
---------------+---------+---------+---------+---------+


Analysis completed Sun Oct 06 15:51:20 2019 
--------------------------------------------------------------------------------

Trace Settings:
-------------------------
Trace Settings 

Peak Memory Usage: 4575 MB



